// Jest Snapshot v1, https://goo.gl/fbAQLP

exports[`container <Timer /> should be same as snapshot 1`] = `
<Timer
  load={[Function]}
>
  <div>
    <span>
      資料最後更新時間：
      Sun Aug 06 2017 00:41:54 GMT+0800 (CST)
    </span>
    <a
      className="refresh"
      onClick={[Function]}
    >
      更新
    </a>
  </div>
</Timer>
`;
